=================================================================
==1771907==ERROR: AddressSanitizer: heap-use-after-free on address 0x602000001050 at pc 0x00000040c5a4 bp 0x7fb984ff6d40 sp 0x7fb984ff6d30
WRITE of size 4 at 0x602000001050 thread T1
    #0 0x40c5a3 in crash_uaf() /root/projects/CppWebServer/test/http_server.cpp:221
    #1 0x40eb08 in HttpResponseCallback(HttpRequest const&, HttpResponse*) /root/projects/CppWebServer/test/http_server.cpp:336
    #2 0x414b7d in void std::__invoke_impl<void, void (*&)(HttpRequest const&, HttpResponse*), HttpRequest const&, HttpResponse*>(std::__invoke_other, void (*&)(HttpRequest const&, HttpResponse*), HttpRequest const&, HttpResponse*&&) (/root/projects/CppWebServer/build/test/webserver+0x414b7d)
    #3 0x414509 in std::enable_if<std::__and_<std::is_void<void>, std::__is_invocable<void (*&)(HttpRequest const&, HttpResponse*), HttpRequest const&, HttpResponse*> >::value, void>::type std::__invoke_r<void, void (*&)(HttpRequest const&, HttpResponse*), HttpRequest const&, HttpResponse*>(void (*&)(HttpRequest const&, HttpResponse*), HttpRequest const&, HttpResponse*&&) (/root/projects/CppWebServer/build/test/webserver+0x414509)
    #4 0x413dcf in std::_Function_handler<void (HttpRequest const&, HttpResponse*), void (*)(HttpRequest const&, HttpResponse*)>::_M_invoke(std::_Any_data const&, HttpRequest const&, HttpResponse*&&) (/root/projects/CppWebServer/build/test/webserver+0x413dcf)
    #5 0x44cc3c in std::function<void (HttpRequest const&, HttpResponse*)>::operator()(HttpRequest const&, HttpResponse*) const /usr/include/c++/10/bits/std_function.h:622
    #6 0x44ad2a in HttpServer::onRequest(std::shared_ptr<TcpConnection> const&, HttpRequest const&) /root/projects/CppWebServer/http/HttpServer.cpp:131
    #7 0x44962a in HttpServer::onMessage(std::shared_ptr<TcpConnection> const&) /root/projects/CppWebServer/http/HttpServer.cpp:78
    #8 0x45013c in void std::__invoke_impl<void, void (HttpServer::*&)(std::shared_ptr<TcpConnection> const&), HttpServer*&, std::shared_ptr<TcpConnection> const&>(std::__invoke_memfun_deref, void (HttpServer::*&)(std::shared_ptr<TcpConnection> const&), HttpServer*&, std::shared_ptr<TcpConnection> const&) /usr/include/c++/10/bits/invoke.h:73
    #9 0x44fd50 in std::__invoke_result<void (HttpServer::*&)(std::shared_ptr<TcpConnection> const&), HttpServer*&, std::shared_ptr<TcpConnection> const&>::type std::__invoke<void (HttpServer::*&)(std::shared_ptr<TcpConnection> const&), HttpServer*&, std::shared_ptr<TcpConnection> const&>(void (HttpServer::*&)(std::shared_ptr<TcpConnection> const&), HttpServer*&, std::shared_ptr<TcpConnection> const&) /usr/include/c++/10/bits/invoke.h:95
    #10 0x44f8a3 in void std::_Bind<void (HttpServer::*(HttpServer*, std::_Placeholder<1>))(std::shared_ptr<TcpConnection> const&)>::__call<void, std::shared_ptr<TcpConnection> const&, 0ul, 1ul>(std::tuple<std::shared_ptr<TcpConnection> const&>&&, std::_Index_tuple<0ul, 1ul>) /usr/include/c++/10/functional:416
    #11 0x44f347 in void std::_Bind<void (HttpServer::*(HttpServer*, std::_Placeholder<1>))(std::shared_ptr<TcpConnection> const&)>::operator()<std::shared_ptr<TcpConnection> const&, void>(std::shared_ptr<TcpConnection> const&) /usr/include/c++/10/functional:499
    #12 0x44e8d4 in void std::__invoke_impl<void, std::_Bind<void (HttpServer::*(HttpServer*, std::_Placeholder<1>))(std::shared_ptr<TcpConnection> const&)>&, std::shared_ptr<TcpConnection> const&>(std::__invoke_other, std::_Bind<void (HttpServer::*(HttpServer*, std::_Placeholder<1>))(std::shared_ptr<TcpConnection> const&)>&, std::shared_ptr<TcpConnection> const&) /usr/include/c++/10/bits/invoke.h:60
    #13 0x44ddb8 in std::enable_if<std::__and_<std::is_void<void>, std::__is_invocable<std::_Bind<void (HttpServer::*(HttpServer*, std::_Placeholder<1>))(std::shared_ptr<TcpConnection> const&)>&, std::shared_ptr<TcpConnection> const&> >::value, void>::type std::__invoke_r<void, std::_Bind<void (HttpServer::*(HttpServer*, std::_Placeholder<1>))(std::shared_ptr<TcpConnection> const&)>&, std::shared_ptr<TcpConnection> const&>(std::_Bind<void (HttpServer::*(HttpServer*, std::_Placeholder<1>))(std::shared_ptr<TcpConnection> const&)>&, std::shared_ptr<TcpConnection> const&) /usr/include/c++/10/bits/invoke.h:153
    #14 0x44d224 in std::_Function_handler<void (std::shared_ptr<TcpConnection> const&), std::_Bind<void (HttpServer::*(HttpServer*, std::_Placeholder<1>))(std::shared_ptr<TcpConnection> const&)> >::_M_invoke(std::_Any_data const&, std::shared_ptr<TcpConnection> const&) /usr/include/c++/10/bits/std_function.h:291
    #15 0x431436 in std::function<void (std::shared_ptr<TcpConnection> const&)>::operator()(std::shared_ptr<TcpConnection> const&) const (/root/projects/CppWebServer/build/test/webserver+0x431436)
    #16 0x42f5db in TcpConnection::HandleMessage() /root/projects/CppWebServer/tcp/TcpConnection.cpp:79
    #17 0x433053 in void std::__invoke_impl<void, void (TcpConnection::*&)(), TcpConnection*&>(std::__invoke_memfun_deref, void (TcpConnection::*&)(), TcpConnection*&) (/root/projects/CppWebServer/build/test/webserver+0x433053)
    #18 0x432ee6 in std::__invoke_result<void (TcpConnection::*&)(), TcpConnection*&>::type std::__invoke<void (TcpConnection::*&)(), TcpConnection*&>(void (TcpConnection::*&)(), TcpConnection*&) /usr/include/c++/10/bits/invoke.h:95
    #19 0x432df9 in void std::_Bind<void (TcpConnection::*(TcpConnection*))()>::__call<void, , 0ul>(std::tuple<>&&, std::_Index_tuple<0ul>) /usr/include/c++/10/functional:416
    #20 0x432c6b in void std::_Bind<void (TcpConnection::*(TcpConnection*))()>::operator()<, void>() /usr/include/c++/10/functional:499
    #21 0x432905 in void std::__invoke_impl<void, std::_Bind<void (TcpConnection::*(TcpConnection*))()>&>(std::__invoke_other, std::_Bind<void (TcpConnection::*(TcpConnection*))()>&) /usr/include/c++/10/bits/invoke.h:60
    #22 0x43232e in std::enable_if<std::__and_<std::is_void<void>, std::__is_invocable<std::_Bind<void (TcpConnection::*(TcpConnection*))()>&> >::value, void>::type std::__invoke_r<void, std::_Bind<void (TcpConnection::*(TcpConnection*))()>&>(std::_Bind<void (TcpConnection::*(TcpConnection*))()>&) (/root/projects/CppWebServer/build/test/webserver+0x43232e)
    #23 0x4318e9 in std::_Function_handler<void (), std::_Bind<void (TcpConnection::*(TcpConnection*))()> >::_M_invoke(std::_Any_data const&) /usr/include/c++/10/bits/std_function.h:291
    #24 0x41da55 in std::function<void ()>::operator()() const /usr/include/c++/10/bits/std_function.h:622
    #25 0x41d11e in Channel::HandleEventWithGuard() const /root/projects/CppWebServer/tcp/Channel.cpp:34
    #26 0x41cfc3 in Channel::HandleEvent() const /root/projects/CppWebServer/tcp/Channel.cpp:20
    #27 0x421eb4 in EventLoop::Loop() /root/projects/CppWebServer/tcp/EventLoop.cpp:37
    #28 0x427a3b in EventLoopThread::ThreadFunc() /root/projects/CppWebServer/tcp/EventLoopThread.cpp:40
    #29 0x42907b in void std::__invoke_impl<void, void (EventLoopThread::*&)(), EventLoopThread*&>(std::__invoke_memfun_deref, void (EventLoopThread::*&)(), EventLoopThread*&) /usr/include/c++/10/bits/invoke.h:73
    #30 0x428f0e in std::__invoke_result<void (EventLoopThread::*&)(), EventLoopThread*&>::type std::__invoke<void (EventLoopThread::*&)(), EventLoopThread*&>(void (EventLoopThread::*&)(), EventLoopThread*&) /usr/include/c++/10/bits/invoke.h:95
    #31 0x428e4b in void std::_Bind<void (EventLoopThread::*(EventLoopThread*))()>::__call<void, , 0ul>(std::tuple<>&&, std::_Index_tuple<0ul>) /usr/include/c++/10/functional:416
    #32 0x428d41 in void std::_Bind<void (EventLoopThread::*(EventLoopThread*))()>::operator()<, void>() (/root/projects/CppWebServer/build/test/webserver+0x428d41)
    #33 0x428c99 in void std::__invoke_impl<void, std::_Bind<void (EventLoopThread::*(EventLoopThread*))()>>(std::__invoke_other, std::_Bind<void (EventLoopThread::*(EventLoopThread*))()>&&) (/root/projects/CppWebServer/build/test/webserver+0x428c99)
    #34 0x428c4e in std::__invoke_result<std::_Bind<void (EventLoopThread::*(EventLoopThread*))()>>::type std::__invoke<std::_Bind<void (EventLoopThread::*(EventLoopThread*))()>>(std::_Bind<void (EventLoopThread::*(EventLoopThread*))()>&&) (/root/projects/CppWebServer/build/test/webserver+0x428c4e)
    #35 0x428bfb in void std::thread::_Invoker<std::tuple<std::_Bind<void (EventLoopThread::*(EventLoopThread*))()> > >::_M_invoke<0ul>(std::_Index_tuple<0ul>) (/root/projects/CppWebServer/build/test/webserver+0x428bfb)
    #36 0x428bcf in std::thread::_Invoker<std::tuple<std::_Bind<void (EventLoopThread::*(EventLoopThread*))()> > >::operator()() (/root/projects/CppWebServer/build/test/webserver+0x428bcf)
    #37 0x428bb3 in std::thread::_State_impl<std::thread::_Invoker<std::tuple<std::_Bind<void (EventLoopThread::*(EventLoopThread*))()> > > >::_M_run() (/root/projects/CppWebServer/build/test/webserver+0x428bb3)
    #38 0x7fb9886e8b73  (/lib64/libstdc++.so.6+0xd8b73)
    #39 0x7fb98975d3fa in start_thread (/lib64/libpthread.so.0+0x93fa)
    #40 0x7fb988471e82 in __clone (/lib64/libc.so.6+0x3de82)

0x602000001050 is located 0 bytes inside of 4-byte region [0x602000001050,0x602000001054)
freed by thread T1 here:
    #0 0x7fb988cb30cf in operator delete(void*, unsigned long) (/lib64/libasan.so.6+0xb30cf)
    #1 0x40c56c in crash_uaf() /root/projects/CppWebServer/test/http_server.cpp:220
    #2 0x40eb08 in HttpResponseCallback(HttpRequest const&, HttpResponse*) /root/projects/CppWebServer/test/http_server.cpp:336
    #3 0x414b7d in void std::__invoke_impl<void, void (*&)(HttpRequest const&, HttpResponse*), HttpRequest const&, HttpResponse*>(std::__invoke_other, void (*&)(HttpRequest const&, HttpResponse*), HttpRequest const&, HttpResponse*&&) (/root/projects/CppWebServer/build/test/webserver+0x414b7d)
    #4 0x414509 in std::enable_if<std::__and_<std::is_void<void>, std::__is_invocable<void (*&)(HttpRequest const&, HttpResponse*), HttpRequest const&, HttpResponse*> >::value, void>::type std::__invoke_r<void, void (*&)(HttpRequest const&, HttpResponse*), HttpRequest const&, HttpResponse*>(void (*&)(HttpRequest const&, HttpResponse*), HttpRequest const&, HttpResponse*&&) (/root/projects/CppWebServer/build/test/webserver+0x414509)
    #5 0x413dcf in std::_Function_handler<void (HttpRequest const&, HttpResponse*), void (*)(HttpRequest const&, HttpResponse*)>::_M_invoke(std::_Any_data const&, HttpRequest const&, HttpResponse*&&) (/root/projects/CppWebServer/build/test/webserver+0x413dcf)
    #6 0x44cc3c in std::function<void (HttpRequest const&, HttpResponse*)>::operator()(HttpRequest const&, HttpResponse*) const /usr/include/c++/10/bits/std_function.h:622
    #7 0x44ad2a in HttpServer::onRequest(std::shared_ptr<TcpConnection> const&, HttpRequest const&) /root/projects/CppWebServer/http/HttpServer.cpp:131
    #8 0x44962a in HttpServer::onMessage(std::shared_ptr<TcpConnection> const&) /root/projects/CppWebServer/http/HttpServer.cpp:78
    #9 0x45013c in void std::__invoke_impl<void, void (HttpServer::*&)(std::shared_ptr<TcpConnection> const&), HttpServer*&, std::shared_ptr<TcpConnection> const&>(std::__invoke_memfun_deref, void (HttpServer::*&)(std::shared_ptr<TcpConnection> const&), HttpServer*&, std::shared_ptr<TcpConnection> const&) /usr/include/c++/10/bits/invoke.h:73
    #10 0x44fd50 in std::__invoke_result<void (HttpServer::*&)(std::shared_ptr<TcpConnection> const&), HttpServer*&, std::shared_ptr<TcpConnection> const&>::type std::__invoke<void (HttpServer::*&)(std::shared_ptr<TcpConnection> const&), HttpServer*&, std::shared_ptr<TcpConnection> const&>(void (HttpServer::*&)(std::shared_ptr<TcpConnection> const&), HttpServer*&, std::shared_ptr<TcpConnection> const&) /usr/include/c++/10/bits/invoke.h:95
    #11 0x44f8a3 in void std::_Bind<void (HttpServer::*(HttpServer*, std::_Placeholder<1>))(std::shared_ptr<TcpConnection> const&)>::__call<void, std::shared_ptr<TcpConnection> const&, 0ul, 1ul>(std::tuple<std::shared_ptr<TcpConnection> const&>&&, std::_Index_tuple<0ul, 1ul>) /usr/include/c++/10/functional:416
    #12 0x44f347 in void std::_Bind<void (HttpServer::*(HttpServer*, std::_Placeholder<1>))(std::shared_ptr<TcpConnection> const&)>::operator()<std::shared_ptr<TcpConnection> const&, void>(std::shared_ptr<TcpConnection> const&) /usr/include/c++/10/functional:499
    #13 0x44e8d4 in void std::__invoke_impl<void, std::_Bind<void (HttpServer::*(HttpServer*, std::_Placeholder<1>))(std::shared_ptr<TcpConnection> const&)>&, std::shared_ptr<TcpConnection> const&>(std::__invoke_other, std::_Bind<void (HttpServer::*(HttpServer*, std::_Placeholder<1>))(std::shared_ptr<TcpConnection> const&)>&, std::shared_ptr<TcpConnection> const&) /usr/include/c++/10/bits/invoke.h:60
    #14 0x44ddb8 in std::enable_if<std::__and_<std::is_void<void>, std::__is_invocable<std::_Bind<void (HttpServer::*(HttpServer*, std::_Placeholder<1>))(std::shared_ptr<TcpConnection> const&)>&, std::shared_ptr<TcpConnection> const&> >::value, void>::type std::__invoke_r<void, std::_Bind<void (HttpServer::*(HttpServer*, std::_Placeholder<1>))(std::shared_ptr<TcpConnection> const&)>&, std::shared_ptr<TcpConnection> const&>(std::_Bind<void (HttpServer::*(HttpServer*, std::_Placeholder<1>))(std::shared_ptr<TcpConnection> const&)>&, std::shared_ptr<TcpConnection> const&) /usr/include/c++/10/bits/invoke.h:153
    #15 0x44d224 in std::_Function_handler<void (std::shared_ptr<TcpConnection> const&), std::_Bind<void (HttpServer::*(HttpServer*, std::_Placeholder<1>))(std::shared_ptr<TcpConnection> const&)> >::_M_invoke(std::_Any_data const&, std::shared_ptr<TcpConnection> const&) /usr/include/c++/10/bits/std_function.h:291
    #16 0x431436 in std::function<void (std::shared_ptr<TcpConnection> const&)>::operator()(std::shared_ptr<TcpConnection> const&) const (/root/projects/CppWebServer/build/test/webserver+0x431436)
    #17 0x42f5db in TcpConnection::HandleMessage() /root/projects/CppWebServer/tcp/TcpConnection.cpp:79
    #18 0x433053 in void std::__invoke_impl<void, void (TcpConnection::*&)(), TcpConnection*&>(std::__invoke_memfun_deref, void (TcpConnection::*&)(), TcpConnection*&) (/root/projects/CppWebServer/build/test/webserver+0x433053)
    #19 0x432ee6 in std::__invoke_result<void (TcpConnection::*&)(), TcpConnection*&>::type std::__invoke<void (TcpConnection::*&)(), TcpConnection*&>(void (TcpConnection::*&)(), TcpConnection*&) /usr/include/c++/10/bits/invoke.h:95
    #20 0x432df9 in void std::_Bind<void (TcpConnection::*(TcpConnection*))()>::__call<void, , 0ul>(std::tuple<>&&, std::_Index_tuple<0ul>) /usr/include/c++/10/functional:416
    #21 0x432c6b in void std::_Bind<void (TcpConnection::*(TcpConnection*))()>::operator()<, void>() /usr/include/c++/10/functional:499
    #22 0x432905 in void std::__invoke_impl<void, std::_Bind<void (TcpConnection::*(TcpConnection*))()>&>(std::__invoke_other, std::_Bind<void (TcpConnection::*(TcpConnection*))()>&) /usr/include/c++/10/bits/invoke.h:60
    #23 0x43232e in std::enable_if<std::__and_<std::is_void<void>, std::__is_invocable<std::_Bind<void (TcpConnection::*(TcpConnection*))()>&> >::value, void>::type std::__invoke_r<void, std::_Bind<void (TcpConnection::*(TcpConnection*))()>&>(std::_Bind<void (TcpConnection::*(TcpConnection*))()>&) (/root/projects/CppWebServer/build/test/webserver+0x43232e)
    #24 0x4318e9 in std::_Function_handler<void (), std::_Bind<void (TcpConnection::*(TcpConnection*))()> >::_M_invoke(std::_Any_data const&) /usr/include/c++/10/bits/std_function.h:291
    #25 0x41da55 in std::function<void ()>::operator()() const /usr/include/c++/10/bits/std_function.h:622
    #26 0x41d11e in Channel::HandleEventWithGuard() const /root/projects/CppWebServer/tcp/Channel.cpp:34
    #27 0x41cfc3 in Channel::HandleEvent() const /root/projects/CppWebServer/tcp/Channel.cpp:20
    #28 0x421eb4 in EventLoop::Loop() /root/projects/CppWebServer/tcp/EventLoop.cpp:37
    #29 0x427a3b in EventLoopThread::ThreadFunc() /root/projects/CppWebServer/tcp/EventLoopThread.cpp:40

previously allocated by thread T1 here:
    #0 0x7fb988cb2067 in operator new(unsigned long) (/lib64/libasan.so.6+0xb2067)
    #1 0x40c515 in crash_uaf() /root/projects/CppWebServer/test/http_server.cpp:219
    #2 0x40eb08 in HttpResponseCallback(HttpRequest const&, HttpResponse*) /root/projects/CppWebServer/test/http_server.cpp:336
    #3 0x414b7d in void std::__invoke_impl<void, void (*&)(HttpRequest const&, HttpResponse*), HttpRequest const&, HttpResponse*>(std::__invoke_other, void (*&)(HttpRequest const&, HttpResponse*), HttpRequest const&, HttpResponse*&&) (/root/projects/CppWebServer/build/test/webserver+0x414b7d)
    #4 0x414509 in std::enable_if<std::__and_<std::is_void<void>, std::__is_invocable<void (*&)(HttpRequest const&, HttpResponse*), HttpRequest const&, HttpResponse*> >::value, void>::type std::__invoke_r<void, void (*&)(HttpRequest const&, HttpResponse*), HttpRequest const&, HttpResponse*>(void (*&)(HttpRequest const&, HttpResponse*), HttpRequest const&, HttpResponse*&&) (/root/projects/CppWebServer/build/test/webserver+0x414509)
    #5 0x413dcf in std::_Function_handler<void (HttpRequest const&, HttpResponse*), void (*)(HttpRequest const&, HttpResponse*)>::_M_invoke(std::_Any_data const&, HttpRequest const&, HttpResponse*&&) (/root/projects/CppWebServer/build/test/webserver+0x413dcf)
    #6 0x44cc3c in std::function<void (HttpRequest const&, HttpResponse*)>::operator()(HttpRequest const&, HttpResponse*) const /usr/include/c++/10/bits/std_function.h:622
    #7 0x44ad2a in HttpServer::onRequest(std::shared_ptr<TcpConnection> const&, HttpRequest const&) /root/projects/CppWebServer/http/HttpServer.cpp:131
    #8 0x44962a in HttpServer::onMessage(std::shared_ptr<TcpConnection> const&) /root/projects/CppWebServer/http/HttpServer.cpp:78
    #9 0x45013c in void std::__invoke_impl<void, void (HttpServer::*&)(std::shared_ptr<TcpConnection> const&), HttpServer*&, std::shared_ptr<TcpConnection> const&>(std::__invoke_memfun_deref, void (HttpServer::*&)(std::shared_ptr<TcpConnection> const&), HttpServer*&, std::shared_ptr<TcpConnection> const&) /usr/include/c++/10/bits/invoke.h:73
    #10 0x44fd50 in std::__invoke_result<void (HttpServer::*&)(std::shared_ptr<TcpConnection> const&), HttpServer*&, std::shared_ptr<TcpConnection> const&>::type std::__invoke<void (HttpServer::*&)(std::shared_ptr<TcpConnection> const&), HttpServer*&, std::shared_ptr<TcpConnection> const&>(void (HttpServer::*&)(std::shared_ptr<TcpConnection> const&), HttpServer*&, std::shared_ptr<TcpConnection> const&) /usr/include/c++/10/bits/invoke.h:95
    #11 0x44f8a3 in void std::_Bind<void (HttpServer::*(HttpServer*, std::_Placeholder<1>))(std::shared_ptr<TcpConnection> const&)>::__call<void, std::shared_ptr<TcpConnection> const&, 0ul, 1ul>(std::tuple<std::shared_ptr<TcpConnection> const&>&&, std::_Index_tuple<0ul, 1ul>) /usr/include/c++/10/functional:416
    #12 0x44f347 in void std::_Bind<void (HttpServer::*(HttpServer*, std::_Placeholder<1>))(std::shared_ptr<TcpConnection> const&)>::operator()<std::shared_ptr<TcpConnection> const&, void>(std::shared_ptr<TcpConnection> const&) /usr/include/c++/10/functional:499
    #13 0x44e8d4 in void std::__invoke_impl<void, std::_Bind<void (HttpServer::*(HttpServer*, std::_Placeholder<1>))(std::shared_ptr<TcpConnection> const&)>&, std::shared_ptr<TcpConnection> const&>(std::__invoke_other, std::_Bind<void (HttpServer::*(HttpServer*, std::_Placeholder<1>))(std::shared_ptr<TcpConnection> const&)>&, std::shared_ptr<TcpConnection> const&) /usr/include/c++/10/bits/invoke.h:60
    #14 0x44ddb8 in std::enable_if<std::__and_<std::is_void<void>, std::__is_invocable<std::_Bind<void (HttpServer::*(HttpServer*, std::_Placeholder<1>))(std::shared_ptr<TcpConnection> const&)>&, std::shared_ptr<TcpConnection> const&> >::value, void>::type std::__invoke_r<void, std::_Bind<void (HttpServer::*(HttpServer*, std::_Placeholder<1>))(std::shared_ptr<TcpConnection> const&)>&, std::shared_ptr<TcpConnection> const&>(std::_Bind<void (HttpServer::*(HttpServer*, std::_Placeholder<1>))(std::shared_ptr<TcpConnection> const&)>&, std::shared_ptr<TcpConnection> const&) /usr/include/c++/10/bits/invoke.h:153
    #15 0x44d224 in std::_Function_handler<void (std::shared_ptr<TcpConnection> const&), std::_Bind<void (HttpServer::*(HttpServer*, std::_Placeholder<1>))(std::shared_ptr<TcpConnection> const&)> >::_M_invoke(std::_Any_data const&, std::shared_ptr<TcpConnection> const&) /usr/include/c++/10/bits/std_function.h:291
    #16 0x431436 in std::function<void (std::shared_ptr<TcpConnection> const&)>::operator()(std::shared_ptr<TcpConnection> const&) const (/root/projects/CppWebServer/build/test/webserver+0x431436)
    #17 0x42f5db in TcpConnection::HandleMessage() /root/projects/CppWebServer/tcp/TcpConnection.cpp:79
    #18 0x433053 in void std::__invoke_impl<void, void (TcpConnection::*&)(), TcpConnection*&>(std::__invoke_memfun_deref, void (TcpConnection::*&)(), TcpConnection*&) (/root/projects/CppWebServer/build/test/webserver+0x433053)
    #19 0x432ee6 in std::__invoke_result<void (TcpConnection::*&)(), TcpConnection*&>::type std::__invoke<void (TcpConnection::*&)(), TcpConnection*&>(void (TcpConnection::*&)(), TcpConnection*&) /usr/include/c++/10/bits/invoke.h:95
    #20 0x432df9 in void std::_Bind<void (TcpConnection::*(TcpConnection*))()>::__call<void, , 0ul>(std::tuple<>&&, std::_Index_tuple<0ul>) /usr/include/c++/10/functional:416
    #21 0x432c6b in void std::_Bind<void (TcpConnection::*(TcpConnection*))()>::operator()<, void>() /usr/include/c++/10/functional:499
    #22 0x432905 in void std::__invoke_impl<void, std::_Bind<void (TcpConnection::*(TcpConnection*))()>&>(std::__invoke_other, std::_Bind<void (TcpConnection::*(TcpConnection*))()>&) /usr/include/c++/10/bits/invoke.h:60
    #23 0x43232e in std::enable_if<std::__and_<std::is_void<void>, std::__is_invocable<std::_Bind<void (TcpConnection::*(TcpConnection*))()>&> >::value, void>::type std::__invoke_r<void, std::_Bind<void (TcpConnection::*(TcpConnection*))()>&>(std::_Bind<void (TcpConnection::*(TcpConnection*))()>&) (/root/projects/CppWebServer/build/test/webserver+0x43232e)
    #24 0x4318e9 in std::_Function_handler<void (), std::_Bind<void (TcpConnection::*(TcpConnection*))()> >::_M_invoke(std::_Any_data const&) /usr/include/c++/10/bits/std_function.h:291
    #25 0x41da55 in std::function<void ()>::operator()() const /usr/include/c++/10/bits/std_function.h:622
    #26 0x41d11e in Channel::HandleEventWithGuard() const /root/projects/CppWebServer/tcp/Channel.cpp:34
    #27 0x41cfc3 in Channel::HandleEvent() const /root/projects/CppWebServer/tcp/Channel.cpp:20
    #28 0x421eb4 in EventLoop::Loop() /root/projects/CppWebServer/tcp/EventLoop.cpp:37
    #29 0x427a3b in EventLoopThread::ThreadFunc() /root/projects/CppWebServer/tcp/EventLoopThread.cpp:40

Thread T1 created by T0 here:
    #0 0x7fb988c57be5 in __interceptor_pthread_create (/lib64/libasan.so.6+0x57be5)
    #1 0x7fb9886e8e38 in std::thread::_M_start_thread(std::unique_ptr<std::thread::_State, std::default_delete<std::thread::_State> >, void (*)()) (/lib64/libstdc++.so.6+0xd8e38)
    #2 0x4276c8 in EventLoopThread::StartLoop() /root/projects/CppWebServer/tcp/EventLoopThread.cpp:14
    #3 0x429312 in EventLoopThreadPool::start() /root/projects/CppWebServer/tcp/EventLoopThreadPool.cpp:18
    #4 0x4337ab in TcpServer::Start() /root/projects/CppWebServer/tcp/TcpServer.cpp:30
    #5 0x44b6f7 in HttpServer::start() /root/projects/CppWebServer/http/HttpServer.cpp:154
    #6 0x41116c in main /root/projects/CppWebServer/test/http_server.cpp:413
    #7 0x7fb988472a71 in __libc_start_main (/lib64/libc.so.6+0x3ea71)

SUMMARY: AddressSanitizer: heap-use-after-free /root/projects/CppWebServer/test/http_server.cpp:221 in crash_uaf()
Shadow bytes around the buggy address:
  0x0c047fff81b0: fa fa fa fa fa fa fa fa fa fa fa fa fa fa fa fa
  0x0c047fff81c0: fa fa fa fa fa fa fa fa fa fa fa fa fa fa fa fa
  0x0c047fff81d0: fa fa fa fa fa fa fa fa fa fa fa fa fa fa fa fa
  0x0c047fff81e0: fa fa fa fa fa fa fa fa fa fa fa fa fa fa fa fa
  0x0c047fff81f0: fa fa fa fa fa fa fa fa fa fa fa fa fa fa fa fa
=>0x0c047fff8200: fa fa 00 00 fa fa 00 fa fa fa[fd]fa fa fa fa fa
  0x0c047fff8210: fa fa fa fa fa fa fa fa fa fa fa fa fa fa fa fa
  0x0c047fff8220: fa fa fa fa fa fa fa fa fa fa fa fa fa fa fa fa
  0x0c047fff8230: fa fa fa fa fa fa fa fa fa fa fa fa fa fa fa fa
  0x0c047fff8240: fa fa fa fa fa fa fa fa fa fa fa fa fa fa fa fa
  0x0c047fff8250: fa fa fa fa fa fa fa fa fa fa fa fa fa fa fa fa
Shadow byte legend (one shadow byte represents 8 application bytes):
  Addressable:           00
  Partially addressable: 01 02 03 04 05 06 07 
  Heap left redzone:       fa
  Freed heap region:       fd
  Stack left redzone:      f1
  Stack mid redzone:       f2
  Stack right redzone:     f3
  Stack after return:      f5
  Stack use after scope:   f8
  Global redzone:          f9
  Global init order:       f6
  Poisoned by user:        f7
  Container overflow:      fc
  Array cookie:            ac
  Intra object redzone:    bb
  ASan internal:           fe
  Left alloca redzone:     ca
  Right alloca redzone:    cb
  Shadow gap:              cc
==1771907==ABORTING
